// Jest Snapshot v1, https://goo.gl/fbAQLP

exports[`NewGoal snapshot should render newgoal view correctly 1`] = `
<Component
  style={
    Object {
      "backgroundColor": "#fff",
      "flex": 1,
      "paddingBottom": 15,
      "paddingTop": 15,
    }
  }
>
  <ScrollViewMock
    style={
      Object {
        "marginHorizontal": 40,
      }
    }
  >
    <Component
      style={
        Object {
          "flex": 1,
          "flexDirection": "row",
          "paddingBottom": 10,
          "paddingTop": 15,
        }
      }
    >
      <Text
        accessible={true}
        allowFontScaling={true}
        ellipsizeMode="tail"
        style={
          Object {
            "fontSize": 20,
            "fontWeight": "bold",
          }
        }
      >
        New goal
      </Text>
      <Icon
        allowFontScaling={false}
        name="ios-add-circle-outline"
        size={25}
        style={
          Object {
            "marginLeft": 10,
            "marginTop": 0,
          }
        }
      />
    </Component>
    <Component
      styles={
        Object {
          "flex": 1,
          "flexDirection": "column",
        }
      }
    >
      <Component
        style={
          Object {
            "marginBottom": 10,
          }
        }
      >
        <TextInput
          allowFontScaling={true}
          clearButtonMode="always"
          maxLength={30}
          onChangeText={[Function]}
          placeholder="Name of goal"
          style={
            Object {
              "borderColor": "#d6d7da",
              "borderRadius": 7,
              "borderWidth": 0.5,
              "fontSize": 16,
              "height": 40,
              "paddingLeft": 10,
              "paddingRight": 10,
              "width": "100%",
            }
          }
        />
      </Component>
      <Component
        style={
          Object {
            "marginBottom": 10,
          }
        }
      >
        <TextInput
          allowFontScaling={true}
          clearButtonMode="always"
          maxLength={100}
          onChangeText={[Function]}
          placeholder="Description of goal"
          style={
            Object {
              "borderColor": "#d6d7da",
              "borderRadius": 7,
              "borderWidth": 0.5,
              "fontSize": 16,
              "height": 100,
              "paddingBottom": 60,
              "paddingLeft": 10,
              "paddingRight": 10,
              "width": "100%",
            }
          }
        />
      </Component>
      <Component
        style={
          Object {
            "width": "20%",
          }
        }
      >
        <TouchableOpacity
          activeOpacity={0.2}
          onPress={[Function]}
        >
          <Text
            accessible={true}
            allowFontScaling={true}
            ellipsizeMode="tail"
            style={
              Object {
                "backgroundColor": "rgb(76, 217, 100)",
                "borderRadius": 7,
                "color": "white",
                "fontSize": 17,
                "lineHeight": 24,
                "overflow": "hidden",
                "padding": 8,
                "paddingLeft": 10,
                "paddingRight": 10,
              }
            }
          >
            Add
          </Text>
        </TouchableOpacity>
      </Component>
    </Component>
  </ScrollViewMock>
</Component>
`;

exports[`NewGoal snapshot should render outer most view in newgoal view correctly 1`] = `
<View
  style={
    Object {
      "backgroundColor": "#fff",
      "flex": 1,
      "paddingBottom": 15,
      "paddingTop": 15,
    }
  }
/>
`;
